// Vitest Snapshot v1

exports[`redis-throttle > should resolve all promises without waiting 1`] = `
[
  [
    1,
    3,
    10,
  ],
  [
    2,
    3,
    10,
  ],
  [
    3,
    3,
    10,
  ],
  [
    4,
    3,
    7,
  ],
  [
    5,
    3,
    7,
  ],
  [
    6,
    3,
    7,
  ],
  [
    7,
    3,
    4,
  ],
  [
    8,
    3,
    4,
  ],
  [
    9,
    3,
    4,
  ],
  [
    10,
    1,
    1,
  ],
]
`;
